---
source: tests/parser.rs
---
ParserReturn {
    program: Program {
        span: Span {
            start: 0,
            end: 5,
        },
        source: "v.foo",
        is_complex: false,
        body: Vec(
            [
                Variable(
                    VariableExpression {
                        span: Span {
                            start: 0,
                            end: 5,
                        },
                        lifetime: Variable,
                        member: Property {
                            span: Span {
                                start: 0,
                                end: 5,
                            },
                            property: IdentifierReference {
                                span: Span {
                                    start: 2,
                                    end: 5,
                                },
                                name: "foo",
                            },
                        },
                    },
                ),
            ],
        ),
    },
    errors: [],
    panicked: false,
}
