---
source: tests/parser.rs
expression: out
---
ParseResult {
    program: Program {
        span: Span {
            start: 0,
            end: 0,
        },
        source: "for_each(1, q.foo, {v.b = v.a + 1;});",
        body: Empty,
    },
    errors: [
        Diagnostic {
            inner: DiagnosticInner {
                message: "`for_each` first argument must be either a `variable.` or a `temp.`",
                labels: Some(
                    [
                        LabeledSpan {
                            label: None,
                            span: SourceSpan {
                                offset: SourceOffset(
                                    9,
                                ),
                                length: 1,
                            },
                            primary: false,
                        },
                    ],
                ),
                help: None,
                severity: Error,
            },
        },
    ],
    panicked: true,
}
