---
source: tests/parser.rs
expression: out
---
ParseResult {
    program: Program {
        span: Span {
            start: 0,
            end: 12,
        },
        source: "variable.foo",
        body: Simple(
            Variable(
                VariableExpression {
                    span: Span {
                        start: 0,
                        end: 12,
                    },
                    lifetime: Variable,
                    member: Property {
                        property: IdentifierReference {
                            span: Span {
                                start: 9,
                                end: 12,
                            },
                            name: "foo",
                        },
                    },
                },
            ),
        ),
    },
    errors: [],
    panicked: false,
}
