---
source: tests/parser.rs
expression: out
---
ParserReturn {
    program: Program {
        span: Span {
            start: 0,
            end: 8,
        },
        source: "continue",
        body: Complex(
            [
                Continue(
                    ContinueStatement {
                        span: Span {
                            start: 0,
                            end: 8,
                        },
                    },
                ),
            ],
        ),
    },
    errors: [],
    panicked: false,
}
