---
source: tests/integration.rs
input_file: tests/parser/call_unclosed.nolana
---
ParseResult {
    program: Program {
        span: Span {
            start: 0,
            end: 0,
        },
        source: "q.a(1\n",
        body: Empty,
    },
    errors: [
        Diagnostic {
            inner: DiagnosticInner {
                message: "Expected `)` but found `EOF`",
                labels: Some(
                    [
                        LabeledSpan {
                            label: Some(
                                "Here",
                            ),
                            span: SourceSpan {
                                offset: SourceOffset(
                                    6,
                                ),
                                length: 0,
                            },
                            primary: false,
                        },
                    ],
                ),
                help: None,
                severity: Error,
            },
        },
    ],
    panicked: true,
}
