---
source: tests/parser.rs
expression: out
---
ParserReturn {
    program: Program {
        span: Span {
            start: 0,
            end: 5,
        },
        source: "break",
        body: Complex(
            [
                Break(
                    BreakStatement {
                        span: Span {
                            start: 0,
                            end: 5,
                        },
                    },
                ),
            ],
        ),
    },
    errors: [],
    panicked: false,
}
