---
source: tests/parser.rs
---
ParserReturn {
    program: Program {
        span: Span {
            start: 0,
            end: 4,
        },
        source: "0; 0",
        is_complex: true,
        body: Vec(
            [
                NumericLiteral(
                    NumericLiteral {
                        span: Span {
                            start: 0,
                            end: 1,
                        },
                        value: 0.0,
                        raw: "0",
                    },
                ),
                NumericLiteral(
                    NumericLiteral {
                        span: Span {
                            start: 3,
                            end: 4,
                        },
                        value: 0.0,
                        raw: "0",
                    },
                ),
            ],
        ),
    },
    errors: [
        Diagnostic {
            inner: DiagnosticInner {
                message: "Semicolons are required for complex Molang expressions (contain `=` or `;`)",
                labels: Some(
                    [
                        LabeledSpan {
                            label: None,
                            span: SourceSpan {
                                offset: SourceOffset(
                                    4,
                                ),
                                length: 0,
                            },
                            primary: false,
                        },
                    ],
                ),
                help: Some(
                    "Try inserting a semicolon here",
                ),
                severity: Error,
            },
        },
    ],
    panicked: false,
}
