---
source: tests/parser.rs
expression: out
---
ParseResult {
    program: Program {
        span: Span {
            start: 9,
            end: 150,
        },
        source: "\n        v.a = 204.31;\n        v.b += 87;\n        v.c -= 48.933;\n        v.d *= 3233.23;\n        v.e /= 1290;\n        v.f **= 32.2;\n        v.g %= 32;\n    ",
        body: Complex(
            [
                Assignment(
                    AssignmentStatement {
                        span: Span {
                            start: 9,
                            end: 21,
                        },
                        left: VariableExpression {
                            span: Span {
                                start: 9,
                                end: 12,
                            },
                            lifetime: Variable,
                            member: Property {
                                property: Identifier {
                                    span: Span {
                                        start: 11,
                                        end: 12,
                                    },
                                    name: "a",
                                },
                            },
                        },
                        operator: Assign,
                        right: NumericLiteral(
                            NumericLiteral {
                                span: Span {
                                    start: 15,
                                    end: 21,
                                },
                                value: 204.31,
                                raw: "204.31",
                            },
                        ),
                    },
                ),
                Assignment(
                    AssignmentStatement {
                        span: Span {
                            start: 31,
                            end: 40,
                        },
                        left: VariableExpression {
                            span: Span {
                                start: 31,
                                end: 34,
                            },
                            lifetime: Variable,
                            member: Property {
                                property: Identifier {
                                    span: Span {
                                        start: 33,
                                        end: 34,
                                    },
                                    name: "b",
                                },
                            },
                        },
                        operator: Addition,
                        right: NumericLiteral(
                            NumericLiteral {
                                span: Span {
                                    start: 38,
                                    end: 40,
                                },
                                value: 87.0,
                                raw: "87",
                            },
                        ),
                    },
                ),
                Assignment(
                    AssignmentStatement {
                        span: Span {
                            start: 50,
                            end: 63,
                        },
                        left: VariableExpression {
                            span: Span {
                                start: 50,
                                end: 53,
                            },
                            lifetime: Variable,
                            member: Property {
                                property: Identifier {
                                    span: Span {
                                        start: 52,
                                        end: 53,
                                    },
                                    name: "c",
                                },
                            },
                        },
                        operator: Subtraction,
                        right: NumericLiteral(
                            NumericLiteral {
                                span: Span {
                                    start: 57,
                                    end: 63,
                                },
                                value: 48.933,
                                raw: "48.933",
                            },
                        ),
                    },
                ),
                Assignment(
                    AssignmentStatement {
                        span: Span {
                            start: 73,
                            end: 87,
                        },
                        left: VariableExpression {
                            span: Span {
                                start: 73,
                                end: 76,
                            },
                            lifetime: Variable,
                            member: Property {
                                property: Identifier {
                                    span: Span {
                                        start: 75,
                                        end: 76,
                                    },
                                    name: "d",
                                },
                            },
                        },
                        operator: Multiplication,
                        right: NumericLiteral(
                            NumericLiteral {
                                span: Span {
                                    start: 80,
                                    end: 87,
                                },
                                value: 3233.23,
                                raw: "3233.23",
                            },
                        ),
                    },
                ),
                Assignment(
                    AssignmentStatement {
                        span: Span {
                            start: 97,
                            end: 108,
                        },
                        left: VariableExpression {
                            span: Span {
                                start: 97,
                                end: 100,
                            },
                            lifetime: Variable,
                            member: Property {
                                property: Identifier {
                                    span: Span {
                                        start: 99,
                                        end: 100,
                                    },
                                    name: "e",
                                },
                            },
                        },
                        operator: Division,
                        right: NumericLiteral(
                            NumericLiteral {
                                span: Span {
                                    start: 104,
                                    end: 108,
                                },
                                value: 1290.0,
                                raw: "1290",
                            },
                        ),
                    },
                ),
                Assignment(
                    AssignmentStatement {
                        span: Span {
                            start: 118,
                            end: 130,
                        },
                        left: VariableExpression {
                            span: Span {
                                start: 118,
                                end: 121,
                            },
                            lifetime: Variable,
                            member: Property {
                                property: Identifier {
                                    span: Span {
                                        start: 120,
                                        end: 121,
                                    },
                                    name: "f",
                                },
                            },
                        },
                        operator: Exponential,
                        right: NumericLiteral(
                            NumericLiteral {
                                span: Span {
                                    start: 126,
                                    end: 130,
                                },
                                value: 32.2,
                                raw: "32.2",
                            },
                        ),
                    },
                ),
                Assignment(
                    AssignmentStatement {
                        span: Span {
                            start: 140,
                            end: 149,
                        },
                        left: VariableExpression {
                            span: Span {
                                start: 140,
                                end: 143,
                            },
                            lifetime: Variable,
                            member: Property {
                                property: Identifier {
                                    span: Span {
                                        start: 142,
                                        end: 143,
                                    },
                                    name: "g",
                                },
                            },
                        },
                        operator: Remainder,
                        right: NumericLiteral(
                            NumericLiteral {
                                span: Span {
                                    start: 147,
                                    end: 149,
                                },
                                value: 32.0,
                                raw: "32",
                            },
                        ),
                    },
                ),
            ],
        ),
    },
    errors: [],
    panicked: false,
}
