---
source: tests/parser.rs
expression: out
---
ParseResult {
    program: Program {
        span: Span {
            start: 0,
            end: 5,
        },
        source: "false",
        body: Simple(
            BooleanLiteral(
                BooleanLiteral {
                    span: Span {
                        start: 0,
                        end: 5,
                    },
                    value: false,
                },
            ),
        ),
    },
    errors: [],
    panicked: false,
}
