---
source: tests/parser.rs
expression: out
---
ParseResult {
    program: Program {
        span: Span {
            start: 9,
            end: 178,
        },
        source: "\n        v.cow.a = 204.31;\n        v.cow.b += 87;\n        v.cow.c -= 48.933;\n        v.cow.c *= 3233.23;\n        v.cow.c /= 1290;\n        v.cow.c **= 32.2;\n        v.cow.c %= 32;\n    ",
        body: Complex(
            [
                Assignment(
                    AssignmentStatement {
                        span: Span {
                            start: 9,
                            end: 25,
                        },
                        left: VariableExpression {
                            span: Span {
                                start: 9,
                                end: 16,
                            },
                            lifetime: Variable,
                            member: Object {
                                object: Property {
                                    property: Identifier {
                                        span: Span {
                                            start: 11,
                                            end: 14,
                                        },
                                        name: "cow",
                                    },
                                },
                                property: Identifier {
                                    span: Span {
                                        start: 15,
                                        end: 16,
                                    },
                                    name: "a",
                                },
                            },
                        },
                        operator: Assign,
                        right: NumericLiteral(
                            NumericLiteral {
                                span: Span {
                                    start: 19,
                                    end: 25,
                                },
                                value: 204.31,
                                raw: "204.31",
                            },
                        ),
                    },
                ),
                Assignment(
                    AssignmentStatement {
                        span: Span {
                            start: 35,
                            end: 48,
                        },
                        left: VariableExpression {
                            span: Span {
                                start: 35,
                                end: 42,
                            },
                            lifetime: Variable,
                            member: Object {
                                object: Property {
                                    property: Identifier {
                                        span: Span {
                                            start: 37,
                                            end: 40,
                                        },
                                        name: "cow",
                                    },
                                },
                                property: Identifier {
                                    span: Span {
                                        start: 41,
                                        end: 42,
                                    },
                                    name: "b",
                                },
                            },
                        },
                        operator: Addition,
                        right: NumericLiteral(
                            NumericLiteral {
                                span: Span {
                                    start: 46,
                                    end: 48,
                                },
                                value: 87.0,
                                raw: "87",
                            },
                        ),
                    },
                ),
                Assignment(
                    AssignmentStatement {
                        span: Span {
                            start: 58,
                            end: 75,
                        },
                        left: VariableExpression {
                            span: Span {
                                start: 58,
                                end: 65,
                            },
                            lifetime: Variable,
                            member: Object {
                                object: Property {
                                    property: Identifier {
                                        span: Span {
                                            start: 60,
                                            end: 63,
                                        },
                                        name: "cow",
                                    },
                                },
                                property: Identifier {
                                    span: Span {
                                        start: 64,
                                        end: 65,
                                    },
                                    name: "c",
                                },
                            },
                        },
                        operator: Subtraction,
                        right: NumericLiteral(
                            NumericLiteral {
                                span: Span {
                                    start: 69,
                                    end: 75,
                                },
                                value: 48.933,
                                raw: "48.933",
                            },
                        ),
                    },
                ),
                Assignment(
                    AssignmentStatement {
                        span: Span {
                            start: 85,
                            end: 103,
                        },
                        left: VariableExpression {
                            span: Span {
                                start: 85,
                                end: 92,
                            },
                            lifetime: Variable,
                            member: Object {
                                object: Property {
                                    property: Identifier {
                                        span: Span {
                                            start: 87,
                                            end: 90,
                                        },
                                        name: "cow",
                                    },
                                },
                                property: Identifier {
                                    span: Span {
                                        start: 91,
                                        end: 92,
                                    },
                                    name: "c",
                                },
                            },
                        },
                        operator: Multiplication,
                        right: NumericLiteral(
                            NumericLiteral {
                                span: Span {
                                    start: 96,
                                    end: 103,
                                },
                                value: 3233.23,
                                raw: "3233.23",
                            },
                        ),
                    },
                ),
                Assignment(
                    AssignmentStatement {
                        span: Span {
                            start: 113,
                            end: 128,
                        },
                        left: VariableExpression {
                            span: Span {
                                start: 113,
                                end: 120,
                            },
                            lifetime: Variable,
                            member: Object {
                                object: Property {
                                    property: Identifier {
                                        span: Span {
                                            start: 115,
                                            end: 118,
                                        },
                                        name: "cow",
                                    },
                                },
                                property: Identifier {
                                    span: Span {
                                        start: 119,
                                        end: 120,
                                    },
                                    name: "c",
                                },
                            },
                        },
                        operator: Division,
                        right: NumericLiteral(
                            NumericLiteral {
                                span: Span {
                                    start: 124,
                                    end: 128,
                                },
                                value: 1290.0,
                                raw: "1290",
                            },
                        ),
                    },
                ),
                Assignment(
                    AssignmentStatement {
                        span: Span {
                            start: 138,
                            end: 154,
                        },
                        left: VariableExpression {
                            span: Span {
                                start: 138,
                                end: 145,
                            },
                            lifetime: Variable,
                            member: Object {
                                object: Property {
                                    property: Identifier {
                                        span: Span {
                                            start: 140,
                                            end: 143,
                                        },
                                        name: "cow",
                                    },
                                },
                                property: Identifier {
                                    span: Span {
                                        start: 144,
                                        end: 145,
                                    },
                                    name: "c",
                                },
                            },
                        },
                        operator: Exponential,
                        right: NumericLiteral(
                            NumericLiteral {
                                span: Span {
                                    start: 150,
                                    end: 154,
                                },
                                value: 32.2,
                                raw: "32.2",
                            },
                        ),
                    },
                ),
                Assignment(
                    AssignmentStatement {
                        span: Span {
                            start: 164,
                            end: 177,
                        },
                        left: VariableExpression {
                            span: Span {
                                start: 164,
                                end: 171,
                            },
                            lifetime: Variable,
                            member: Object {
                                object: Property {
                                    property: Identifier {
                                        span: Span {
                                            start: 166,
                                            end: 169,
                                        },
                                        name: "cow",
                                    },
                                },
                                property: Identifier {
                                    span: Span {
                                        start: 170,
                                        end: 171,
                                    },
                                    name: "c",
                                },
                            },
                        },
                        operator: Remainder,
                        right: NumericLiteral(
                            NumericLiteral {
                                span: Span {
                                    start: 175,
                                    end: 177,
                                },
                                value: 32.0,
                                raw: "32",
                            },
                        ),
                    },
                ),
            ],
        ),
    },
    errors: [],
    panicked: false,
}
