---
source: tests/parser.rs
expression: out
---
ParserReturn {
    program: Program {
        span: Span {
            start: 9,
            end: 190,
        },
        source: "\n        ;;;;;;; ;;;;;;; ;;;    ;;; ;;\n        ;;      ;;      ;;;;  ;;;; ;;\n        ;;;;;;; ;;;;;   ;; ;;;; ;; ;;\n             ;; ;;      ;;  ;;  ;; ;;\n        ;;;;;;; ;;;;;;; ;;      ;; ;;\n        ",
        body: Empty,
    },
    errors: [],
    panicked: false,
}
