---
source: tests/integration.rs
input_file: tests/semantic/block_empty.nolana
---
[
    Diagnostic {
        inner: DiagnosticInner {
            message: "block statement must contain at least one statement",
            labels: Some(
                [
                    LabeledSpan {
                        label: None,
                        span: SourceSpan {
                            offset: SourceOffset(
                                0,
                            ),
                            length: 2,
                        },
                        primary: false,
                    },
                ],
            ),
            help: None,
            severity: Error,
        },
    },
]
