---
source: tests/integration/semantics.rs
expression: out
---
[
    Diagnostic {
        inner: DiagnosticInner {
            message: "Strings only support `==` and `!=` operators",
            labels: Some(
                [
                    LabeledSpan {
                        label: None,
                        span: SourceSpan {
                            offset: SourceOffset(
                                0,
                            ),
                            length: 13,
                        },
                        primary: false,
                    },
                ],
            ),
            help: None,
            severity: Error,
        },
    },
]
